// Jest Snapshot v1, https://goo.gl/fbAQLP

exports[`test in introduction component should render correctly 1`] = `ShallowWrapper {}`;
